// Utilizando node.js - BOOLEANS

> let validation = 3 === 0
undefined
> validation
false
> validation = 3 === 3
true
> validation = 3 > 4
false
> validation = 3 > 2
true
> validation = 3 >= 2
true
> validation.toString()
'true'
> !validation
false
> !true
false
> !false
true